MPLINK 4.40, Linker
Linker Map File - Created Tue Mar 30 09:29:37 2021

                                 Section Info
                  Section       Type    Address   Location Size(Bytes)
                ---------  ---------  ---------  ---------  ---------
                   .org_0       code   0x000000    program   0x000000
                   .org_1       code   0x000000    program   0x000002
                   .org_2       code   0x000004    program   0x000002
                   .org_3       code   0x000020    program   0x0000d8
                   .org_4       code   0x000200    program   0x00007e
                   .org_5       code   0x000300    program   0x000026
                   .org_6       code   0x000400    program   0x000092
                   .org_7       code   0x000500    program   0x000024
                   .org_8       code   0x000600    program   0x0000fa
      .config_2007_REL8.O       code   0x002007    program   0x000002



                              Program Memory Usage 
                               Start         End      
                           ---------   ---------      
                            0x000000    0x000000      
                            0x000004    0x000004      
                            0x000020    0x00008b      
                            0x000200    0x00023e      
                            0x000300    0x000312      
                            0x000400    0x000448      
                            0x000500    0x000511      
                            0x000600    0x00067c      
                            0x002007    0x002007      
            409 out of 8454 program addresses used, program memory utilization is 4%



                              Symbols - Sorted by Name
                     Name    Address   Location    Storage File                     
                ---------  ---------  ---------  --------- ---------                
                       @1   0x000602    program     static C:\Users\vitor\Documents\UFPE\2020 4\Microcontrolador\Relogio\Rel8.asm
                   AJUSTE   0x000600    program     static C:\Users\vitor\Documents\UFPE\2020 4\Microcontrolador\Relogio\Rel8.asm
                  ATRASO2   0x00007e    program     static C:\Users\vitor\Documents\UFPE\2020 4\Microcontrolador\Relogio\Rel8.asm
                     CROC   0x00002f    program     static C:\Users\vitor\Documents\UFPE\2020 4\Microcontrolador\Relogio\Rel8.asm
                     CROD   0x00002e    program     static C:\Users\vitor\Documents\UFPE\2020 4\Microcontrolador\Relogio\Rel8.asm
                   CRODEZ   0x00002c    program     static C:\Users\vitor\Documents\UFPE\2020 4\Microcontrolador\Relogio\Rel8.asm
                     CROU   0x00002d    program     static C:\Users\vitor\Documents\UFPE\2020 4\Microcontrolador\Relogio\Rel8.asm
                   DEZSEG   0x00002b    program     static C:\Users\vitor\Documents\UFPE\2020 4\Microcontrolador\Relogio\Rel8.asm
                  DISPLAY   0x000200    program     static C:\Users\vitor\Documents\UFPE\2020 4\Microcontrolador\Relogio\Rel8.asm
                    FLAGS   0x00002a    program     static C:\Users\vitor\Documents\UFPE\2020 4\Microcontrolador\Relogio\Rel8.asm
                  HEX7SEG   0x000500    program     static C:\Users\vitor\Documents\UFPE\2020 4\Microcontrolador\Relogio\Rel8.asm
                    HORAD   0x000027    program     static C:\Users\vitor\Documents\UFPE\2020 4\Microcontrolador\Relogio\Rel8.asm
                    HORAU   0x000026    program     static C:\Users\vitor\Documents\UFPE\2020 4\Microcontrolador\Relogio\Rel8.asm
                   INICIO   0x000030    program     static C:\Users\vitor\Documents\UFPE\2020 4\Microcontrolador\Relogio\Rel8.asm
                    INTER   0x000300    program     static C:\Users\vitor\Documents\UFPE\2020 4\Microcontrolador\Relogio\Rel8.asm
                     LOOP   0x000054    program     static C:\Users\vitor\Documents\UFPE\2020 4\Microcontrolador\Relogio\Rel8.asm
                     MIND   0x000025    program     static C:\Users\vitor\Documents\UFPE\2020 4\Microcontrolador\Relogio\Rel8.asm
                     MINU   0x000024    program     static C:\Users\vitor\Documents\UFPE\2020 4\Microcontrolador\Relogio\Rel8.asm
                     SEGD   0x000023    program     static C:\Users\vitor\Documents\UFPE\2020 4\Microcontrolador\Relogio\Rel8.asm
                     SEGU   0x000022    program     static C:\Users\vitor\Documents\UFPE\2020 4\Microcontrolador\Relogio\Rel8.asm
                   S_TEMP   0x000029    program     static C:\Users\vitor\Documents\UFPE\2020 4\Microcontrolador\Relogio\Rel8.asm
                     TEMP   0x000020    program     static C:\Users\vitor\Documents\UFPE\2020 4\Microcontrolador\Relogio\Rel8.asm
                    TIMER   0x000400    program     static C:\Users\vitor\Documents\UFPE\2020 4\Microcontrolador\Relogio\Rel8.asm
                   W_TEMP   0x000028    program     static C:\Users\vitor\Documents\UFPE\2020 4\Microcontrolador\Relogio\Rel8.asm



                              Symbols - Sorted by Address
                     Name    Address   Location    Storage File                     
                ---------  ---------  ---------  --------- ---------                
                     TEMP   0x000020    program     static C:\Users\vitor\Documents\UFPE\2020 4\Microcontrolador\Relogio\Rel8.asm
                     SEGU   0x000022    program     static C:\Users\vitor\Documents\UFPE\2020 4\Microcontrolador\Relogio\Rel8.asm
                     SEGD   0x000023    program     static C:\Users\vitor\Documents\UFPE\2020 4\Microcontrolador\Relogio\Rel8.asm
                     MINU   0x000024    program     static C:\Users\vitor\Documents\UFPE\2020 4\Microcontrolador\Relogio\Rel8.asm
                     MIND   0x000025    program     static C:\Users\vitor\Documents\UFPE\2020 4\Microcontrolador\Relogio\Rel8.asm
                    HORAU   0x000026    program     static C:\Users\vitor\Documents\UFPE\2020 4\Microcontrolador\Relogio\Rel8.asm
                    HORAD   0x000027    program     static C:\Users\vitor\Documents\UFPE\2020 4\Microcontrolador\Relogio\Rel8.asm
                   W_TEMP   0x000028    program     static C:\Users\vitor\Documents\UFPE\2020 4\Microcontrolador\Relogio\Rel8.asm
                   S_TEMP   0x000029    program     static C:\Users\vitor\Documents\UFPE\2020 4\Microcontrolador\Relogio\Rel8.asm
                    FLAGS   0x00002a    program     static C:\Users\vitor\Documents\UFPE\2020 4\Microcontrolador\Relogio\Rel8.asm
                   DEZSEG   0x00002b    program     static C:\Users\vitor\Documents\UFPE\2020 4\Microcontrolador\Relogio\Rel8.asm
                   CRODEZ   0x00002c    program     static C:\Users\vitor\Documents\UFPE\2020 4\Microcontrolador\Relogio\Rel8.asm
                     CROU   0x00002d    program     static C:\Users\vitor\Documents\UFPE\2020 4\Microcontrolador\Relogio\Rel8.asm
                     CROD   0x00002e    program     static C:\Users\vitor\Documents\UFPE\2020 4\Microcontrolador\Relogio\Rel8.asm
                     CROC   0x00002f    program     static C:\Users\vitor\Documents\UFPE\2020 4\Microcontrolador\Relogio\Rel8.asm
                   INICIO   0x000030    program     static C:\Users\vitor\Documents\UFPE\2020 4\Microcontrolador\Relogio\Rel8.asm
                     LOOP   0x000054    program     static C:\Users\vitor\Documents\UFPE\2020 4\Microcontrolador\Relogio\Rel8.asm
                  ATRASO2   0x00007e    program     static C:\Users\vitor\Documents\UFPE\2020 4\Microcontrolador\Relogio\Rel8.asm
                  DISPLAY   0x000200    program     static C:\Users\vitor\Documents\UFPE\2020 4\Microcontrolador\Relogio\Rel8.asm
                    INTER   0x000300    program     static C:\Users\vitor\Documents\UFPE\2020 4\Microcontrolador\Relogio\Rel8.asm
                    TIMER   0x000400    program     static C:\Users\vitor\Documents\UFPE\2020 4\Microcontrolador\Relogio\Rel8.asm
                  HEX7SEG   0x000500    program     static C:\Users\vitor\Documents\UFPE\2020 4\Microcontrolador\Relogio\Rel8.asm
                   AJUSTE   0x000600    program     static C:\Users\vitor\Documents\UFPE\2020 4\Microcontrolador\Relogio\Rel8.asm
                       @1   0x000602    program     static C:\Users\vitor\Documents\UFPE\2020 4\Microcontrolador\Relogio\Rel8.asm


